[  1 200 145]
[  1 204 144]
[  2 207 143]
[  2 207 143]
[  2 203 143]
[  2 206 141]
[  2 213 138]
[  1 212 137]
[  1 214 136]
[  1 206 140]
[  1 202 144]
[  1 204 141]
[  1 207 139]
[  1 207 139]
[  1 207 139]
[  1 206 141]
[  1 202 143]
[  1 204 141]
[  1 204 141]
[  1 197 144]
[  1 199 142]
[  1 204 139]
[  1 202 139]
[  1 204 139]
[  1 207 137]
[  1 210 136]
[  1 208 137]
[  1 205 139]
[  1 205 139]
[  1 205 139]
[  1 205 139]
[  1 208 137]
[  1 210 136]
[  1 203 141]
[  1 207 138]
[  1 210 136]
[  1 209 138]
[  1 207 139]
[  1 208 137]
[  1 209 138]
[  1 200 145]
[  1 202 145]
[  2 207 143]
[  2 205 143]
[  2 204 144]
[  2 206 141]
[  2 213 138]
[  2 211 139]
[  1 209 139]
[  1 206 140]
[  1 203 142]
[  1 200 144]
[  1 204 141]
[  1 207 139]
[  1 206 140]
[  1 202 143]
[  1 203 142]
[  1 206 140]
[  1 203 142]
[  1 198 144]
[  1 202 140]
[  1 210 135]
[  1 203 138]
[  1 198 142]
[  1 205 138]
[  1 210 136]
[  1 210 136]
[  1 207 138]
[  1 207 138]
[  1 208 137]
[  1 208 137]
[  1 210 136]
[  1 207 138]
[  1 203 141]
[  1 205 139]
[  1 210 136]
[  1 209 138]
[  1 204 141]
[  1 209 138]
[  1 209 138]
[  1 203 143]
[  1 204 144]
[  2 208 141]
[  2 208 141]
[  2 208 140]
[  2 209 139]
[  2 208 141]
[  1 202 144]
[  1 199 146]
[  1 203 143]
[  1 206 140]
[  1 206 140]
[  1 207 139]
[  1 206 140]
[  1 203 142]
[  1 202 143]
[  1 212 136]
[  1 213 135]
[  1 206 140]
[  1 200 143]
[  1 198 143]
[  1 204 139]
[  1 200 140]
[  1 194 146]
[  1 201 141]
[  1 207 138]
[  1 208 136]
[  1 205 139]
[  1 207 138]
[  1 208 137]
[  1 212 135]
[  2 212 135]
[  1 202 140]
[  1 198 144]
[  1 200 143]
[  1 203 141]
[  1 200 144]
[  1 193 149]
[  1 202 143]
[  1 207 139]
[  1 208 140]
[  1 205 143]
[  2 208 142]
[  2 209 140]
[  2 209 139]
[  2 211 138]
[  2 207 142]
[  1 202 144]
[  1 202 144]
[  1 206 141]
[  1 209 138]
[  1 210 137]
[  1 209 138]
[  1 203 142]
[  1 203 142]
[  1 204 141]
[  1 209 138]
[  1 209 138]
[  1 206 140]
[  1 201 142]
[  1 199 142]
[  1 204 139]
[  1 200 140]
[  1 197 144]
[  1 204 139]
[  1 207 137]
[  1 205 138]
[  1 204 140]
[  1 204 140]
[  1 205 139]
[  1 210 136]
[  2 211 134]
[  1 205 139]
[  1 201 142]
[  1 203 141]
[  1 203 141]
[  1 200 144]
[  1 195 148]
[  1 202 143]
[  1 206 140]
[  1 211 138]
[  1 209 140]
[  2 210 141]
[  2 209 140]
[  2 209 139]
[  2 209 139]
[  2 205 143]
[  2 202 145]
[  1 205 142]
[  1 207 139]
[  1 209 138]
[  1 206 140]
[  1 197 146]
[  1 193 149]
[  1 202 143]
[  1 207 139]
[  1 203 142]
[  1 199 145]
[  1 197 146]
[  1 198 144]
[  1 204 139]
[  1 207 137]
[  1 205 138]
[  1 204 139]
[  1 207 137]
[  1 208 136]
[  1 205 139]
[  1 203 141]
[  1 203 141]
[  1 204 140]
[  1 210 136]
[  2 208 136]
[  1 207 137]
[  1 208 137]
[  1 207 139]
[  1 207 138]
[  1 204 140]
[  1 204 141]
[  1 203 142]
[  1 204 141]
[  1 208 140]
[  1 208 140]
[  2 210 141]
[  2 209 140]
[  2 211 139]
[  2 211 138]
[  2 207 142]
[  1 203 143]
[  1 206 141]
[  1 211 138]
[  1 207 139]
[  1 203 142]
[  1 199 145]
[  1 195 148]
[  1 203 142]
[  1 207 139]
[  1 203 142]
[  1 202 143]
[  1 197 146]
[  1 196 146]
[  1 201 141]
[  1 202 140]
[  1 204 139]
[  1 205 138]
[  1 208 136]
[  1 210 135]
[  1 208 137]
[  1 207 138]
[  1 205 139]
[  1 207 138]
[  1 208 137]
[  2 205 138]
[  1 207 137]
[  1 210 136]
[  1 205 139]
[  1 205 139]
[  1 207 139]
[  1 206 140]
[  1 202 143]
[  1 202 143]
[  1 201 142]
[  1 203 142]
[  1 205 142]
[  2 208 140]
[  2 209 139]
[  2 207 139]
[  2 204 141]
[  1 205 142]
[  1 204 141]
[  1 207 139]
[  1 206 140]
[  1 202 143]
[  1 204 140]
[  1 207 139]
[  1 209 138]
[  1 209 138]
[  1 207 139]
[  1 206 140]
[  1 202 143]
[  1 195 145]
[  1 201 141]
[  1 202 140]
[  1 204 139]
[  1 205 138]
[  1 207 137]
[  1 207 137]
[  1 208 137]
[  1 208 137]
[  1 205 139]
[  1 207 138]
[  1 208 137]
[  2 208 136]
[  1 212 135]
[  1 210 136]
[  1 207 139]
[  1 207 139]
[  1 206 140]
[  1 203 142]
[  1 200 144]
[  1 199 145]
[  1 201 142]
[  1 200 144]
[  1 200 144]
[  1 206 140]
[  1 207 139]
[  1 201 142]
[  1 200 144]
[  1 203 142]
[  1 202 143]
[  1 203 141]
[  1 204 141]
[  1 198 144]
[  1 203 142]
[  1 207 139]
[  1 209 138]
[  1 207 139]
[  1 206 140]
[  1 204 141]
[  1 202 143]
[  1 198 144]
[  1 201 141]
[  1 202 140]
[  1 202 140]
[  1 204 139]
[  1 204 139]
[  1 207 137]
[  1 207 137]
[  1 205 139]
[  1 201 142]
[  1 203 141]
[  1 208 137]
[  1 210 136]
[  1 213 134]
[  1 212 135]
[  1 210 137]
[  1 210 137]
[  1 206 140]
[  1 202 143]
[  1 199 145]
[  1 197 146]
[  1 207 137]
[  1 204 141]
[  1 203 142]
[  1 207 139]
[  1 207 139]
[  1 201 142]
[  1 203 142]
[  1 205 142]
[  1 202 143]
[  1 201 142]
[  1 204 141]
[  1 204 140]
[  1 205 139]
[  1 205 139]
[  1 207 138]
[  1 205 139]
[  1 201 142]
[  1 200 143]
[  1 203 142]
[  1 203 141]
[  1 202 140]
[  1 201 141]
[  1 204 139]
[  1 205 138]
[  1 205 138]
[  1 207 137]
[  1 205 138]
[  1 203 141]
[  1 201 142]
[  1 203 141]
[  1 210 136]
[  1 205 139]
[  1 205 139]
[  1 212 135]
[  1 210 137]
[  1 209 138]
[  2 206 141]
[  2 203 143]
[  2 202 144]
[  1 197 146]
[  1 208 137]
[  1 206 140]
[  1 206 140]
[  1 209 138]
[  1 207 138]
[  1 205 139]
[  1 206 140]
[  1 205 142]
[  1 202 143]
[  1 201 142]
[  1 205 139]
[  1 212 135]
[  1 210 136]
[  1 204 140]
[  1 202 140]
[  1 202 140]
[  1 201 141]
[  1 201 141]
[  1 203 141]
[  1 204 139]
[  1 204 139]
[  1 202 140]
[  1 205 138]
[  1 208 136]
[  1 207 137]
[  1 204 139]
[  1 202 140]
[  1 201 141]
[  1 203 141]
[  1 205 139]
[  1 213 134]
[  1 204 140]
[  1 203 141]
[  1 210 136]
[  1 207 138]
[  1 206 140]
[  2 206 141]
[  2 205 143]
[  2 204 144]
[  2 198 147]
[  1 199 142]
[  1 199 145]
[  1 206 140]
[  1 206 140]
[  1 206 140]
[  1 205 139]
[  1 204 141]
[  1 204 141]
[  1 206 140]
[  1 207 139]
[  1 208 137]
[  1 212 135]
[  1 210 136]
[  1 202 140]
[  1 201 141]
[  1 202 140]
[  1 201 141]
[  1 201 141]
[  1 201 142]
[  1 201 142]
[  1 201 141]
[  1 204 139]
[  1 208 136]
[  1 210 135]
[  1 208 137]
[  1 204 140]
[  1 202 140]
[  1 204 139]
[  1 205 139]
[  1 207 138]
[  1 215 133]
[  1 210 136]
[  1 204 140]
[  1 204 140]
[  1 203 142]
[  1 204 141]
[  2 207 142]
[  2 207 142]
[  2 207 142]
[  2 203 143]
[  1 197 145]
[  1 196 146]
[  1 209 138]
[  1 212 136]
[  1 207 139]
[  1 204 140]
[  1 204 141]
[  1 208 140]
[  1 209 138]
[  1 205 139]
[  1 207 138]
[  1 208 137]
[  1 207 138]
[  1 201 141]
[  1 198 143]
[  1 201 141]
[  1 202 140]
[  1 201 141]
[  1 201 142]
[  1 197 145]
[  1 198 143]
[  1 202 140]
[  1 205 138]
[  1 207 138]
[  1 207 139]
[  1 204 140]
[  1 200 140]
[  1 202 140]
[  1 205 139]
[  1 206 140]
[  1 212 135]
[  1 213 134]
[  1 205 139]
[  1 198 144]
[  1 197 146]
[  1 202 143]
[  2 205 143]
[  2 207 142]
[  2 211 139]
[  2 208 140]
[  1 194 147]
[  1 196 147]
[  1 203 142]
[  1 207 139]
[  1 207 138]
[  1 204 140]
[  1 203 141]
[  1 206 140]
[  1 206 140]
[  1 202 143]
[  1 204 141]
[  1 205 139]
[  1 205 139]
[  1 203 141]
[  1 201 141]
[  1 204 139]
[  1 202 140]
[  1 201 141]
[  1 203 141]
[  1 198 144]
[  1 201 141]
[  1 202 140]
[  1 201 141]
[  1 203 141]
[  1 204 141]
[  1 202 140]
[  1 198 143]
[  1 195 145]
[  1 203 141]
[  1 201 142]
[  1 204 140]
[  1 208 137]
[  1 204 140]
[  1 199 145]
[  1 199 145]
[  1 204 141]
[  2 205 142]
[  2 204 144]
[  2 207 142]
[  2 208 140]
[  1 195 145]
[  1 197 146]
[  1 199 145]
[  1 202 143]
[  1 206 140]
[  1 204 140]
[  1 201 142]
[  1 205 142]
[  1 203 142]
[  1 200 143]
[  1 204 141]
[  1 210 136]
[  1 210 136]
[  1 205 138]
[  1 205 138]
[  1 205 138]
[  1 202 140]
[  1 199 142]
[  1 201 142]
[  1 200 143]
[  1 202 140]
[  1 204 139]
[  1 201 141]
[  1 203 141]
[  1 204 141]
[  1 205 139]
[  1 201 142]
[  1 197 145]
[  1 204 140]
[  1 203 141]
[  1 201 142]
[  1 204 140]
[  1 201 142]
[  1 200 144]
[  1 200 144]
[  1 209 138]
[  1 204 141]
[  2 199 146]
[  2 201 146]
[  1 203 142]
[  1 200 143]
[  1 198 144]
[  1 195 145]
[  1 196 146]
[  1 201 142]
[  1 201 141]
[  1 201 142]
[  1 203 142]
[  1 201 141]
[  1 199 142]
[  1 202 140]
[  1 211 134]
[  1 211 134]
[  1 203 138]
[  1 204 139]
[  1 205 138]
[  1 207 137]
[  1 204 139]
[  1 204 139]
[  1 204 140]
[  1 204 139]
[  1 202 140]
[  1 201 141]
[  1 203 141]
[  1 204 140]
[  1 207 138]
[  1 202 140]
[  1 201 142]
[  1 204 140]
[  1 203 141]
[  1 200 143]
[  1 198 144]
[  1 201 142]
[  1 204 140]
[  1 203 142]
[  1 207 139]
[  1 206 140]
[  2 202 144]
[  2 202 145]
[  2 209 139]
[  1 199 142]
[  1 199 142]
[  1 197 144]
[  1 193 147]
[  1 198 144]
[  1 201 142]
[  1 201 142]
[  1 201 142]
[  1 199 142]
[  1 199 142]
[  1 202 139]
[  1 208 135]
[  1 208 135]
[  1 202 139]
[  1 201 141]
[  1 201 141]
[  1 204 139]
[  1 205 138]
[  1 205 138]
[  1 204 139]
[  1 204 139]
[  1 201 141]
[  1 198 143]
[  1 201 141]
[  1 203 141]
[  1 205 139]
[  1 202 140]
[  1 200 143]
[  1 204 141]
[  1 203 141]
[  1 198 144]
[  1 194 147]
[  1 201 142]
[  1 204 140]
[  1 195 145]
[  1 196 146]
[  1 202 143]
[  1 204 141]
[  1 207 139]
[  1 209 138]
[  1 200 143]
[  1 200 143]
[  1 198 143]
[  1 193 147]
[  1 198 144]
[  1 203 141]
[  1 199 142]
[  1 197 144]
[  1 197 144]
[  1 199 142]
[  1 204 139]
[  1 205 137]
[  1 203 138]
[  1 199 141]
[  1 198 142]
[  1 197 144]
[  1 197 144]
[  1 199 142]
[  1 199 142]
[  1 198 143]
[  1 202 140]
[  1 204 139]
[  1 204 139]
[  1 204 139]
[  1 203 142]
[  1 201 142]
[  1 201 141]
[  1 203 142]
[  1 204 141]
[  1 203 141]
[  1 197 146]
[  1 195 148]
[  1 202 143]
[  1 205 139]
[  1 197 144]
[  1 196 146]
[  1 202 143]
[  1 207 139]
[  1 212 136]
[  1 204 141]
[  1 205 138]
[  1 199 142]
[  1 197 144]
[  1 194 146]
[  1 198 143]
[  1 203 141]
[  1 199 141]
[  1 198 143]
[  1 195 145]
[  1 198 143]
[  1 205 138]
[  1 203 138]
[  1 200 140]
[  1 199 141]
[  1 198 142]
[  1 198 143]
[  1 198 143]
[  1 198 143]
[  1 197 144]
[  1 195 145]
[  1 202 140]
[  1 210 135]
[  1 208 136]
[  1 208 137]
[  1 204 141]
[  1 197 145]
[  1 200 144]
[  1 203 142]
[  1 204 141]
[  1 207 139]
[  1 200 144]
[  1 196 147]
[  1 202 143]
[  1 203 142]
[  1 200 144]
[  1 201 142]
[  1 204 140]
[  1 207 138]
[  1 208 137]
[  1 201 142]
[  0 205 137]
[  0 197 144]
[  1 197 144]
[  1 198 143]
[  1 203 141]
[  1 205 139]
[  1 202 139]
[  1 201 141]
[  1 197 144]
[  1 198 143]
[  1 208 136]
[  1 205 137]
[  1 200 140]
[  1 201 141]
[  1 198 143]
[  1 201 141]
[  1 202 140]
[  1 201 141]
[  1 201 142]
[  1 195 145]
[  1 203 141]
[  1 211 134]
[  1 205 138]
[  1 204 140]
[  1 207 139]
[  1 199 142]
[  1 200 143]
[  1 203 142]
[  1 203 142]
[  1 207 139]
[  1 202 143]
[  1 199 145]
[  1 202 143]
[  1 199 145]
[  1 197 145]
[  1 203 141]
[  1 207 138]
[  1 205 139]
[  1 205 139]
[  1 204 140]
[  0 204 139]
[  0 195 144]
[  1 199 142]
[  1 201 141]
[  1 205 138]
[  1 203 141]
[  1 198 143]
[  1 201 141]
[  1 204 139]
[  1 204 139]
[  1 205 138]
[  1 202 139]
[  1 199 141]
[  1 199 142]
[  1 197 144]
[  1 202 140]
[  1 207 137]
[  1 204 139]
[  1 204 140]
[  1 200 143]
[  1 204 140]
[  1 215 133]
[  1 202 140]
[  1 200 144]
[  1 207 139]
[  1 204 140]
[  1 201 142]
[  1 203 142]
[  1 203 142]
[  1 204 141]
[  1 200 144]
[  1 202 144]
[  1 203 143]
[  1 196 147]
[  1 195 148]
[  1 200 143]
[  1 205 139]
[  1 203 141]
[  1 203 141]
[  1 204 140]
[  0 199 141]
[  0 197 144]
[  1 202 140]
[  1 205 138]
[  1 208 137]
[  1 202 143]
[  1 194 146]
[  1 201 141]
[  1 208 136]
[  1 207 137]
[  1 201 141]
[  1 198 142]
[  1 199 142]
[  1 198 143]
[  1 197 144]
[  1 199 142]
[  1 201 141]
[  1 200 143]
[  1 203 141]
[  1 203 141]
[  1 206 140]
[  1 208 137]
[  1 203 141]
[  1 202 143]
[  1 206 140]
[  1 201 142]
[  1 197 146]
[  1 202 143]
[  1 206 140]
[  1 206 140]
[  1 203 142]
[  1 206 141]
[  1 203 143]
[  1 197 146]
[  1 198 144]
[  1 205 139]
[  1 210 136]
[  1 203 141]
[  1 203 141]
[  1 205 139]
[  0 198 143]
[  0 198 142]
[  1 204 139]
[  1 208 136]
[  1 208 136]
[  1 204 140]
[  1 198 143]
[  1 199 142]
[  1 202 140]
[  1 205 138]
[  1 204 139]
[  1 202 140]
[  1 202 140]
[  1 200 143]
[  1 198 143]
[  1 195 145]
[  1 191 148]
[  1 194 147]
[  1 204 141]
[  1 207 139]
[  1 206 140]
[  1 204 140]
[  1 204 140]
[  1 206 140]
[  1 203 142]
[  1 199 145]
[  1 199 145]
[  1 204 141]
[  1 210 137]
[  1 206 140]
[  1 204 141]
[  1 206 141]
[  1 202 143]
[  1 203 142]
[  1 204 140]
[  1 207 138]
[  1 210 136]
[  1 207 138]
[  1 207 138]
[  1 208 137]
[  0 197 144]
[  0 198 143]
[  0 200 140]
[  1 210 135]
[  1 207 137]
[  1 204 139]
[  1 204 139]
[  1 199 142]
[  1 198 143]
[  1 204 139]
[  1 205 138]
[  1 205 137]
[  1 205 139]
[  1 200 143]
[  1 197 144]
[  1 195 145]
[  1 193 147]
[  1 194 147]
[  1 203 142]
[  1 209 138]
[  1 207 139]
[  1 206 140]
[  1 206 140]
[  1 207 139]
[  1 203 142]
[  1 199 145]
[  1 203 142]
[  1 209 138]
[  1 207 139]
[  1 203 142]
[  1 204 141]
[  1 208 140]
[  2 205 142]
[  1 206 140]
[  1 204 140]
[  1 200 143]
[  1 203 141]
[  1 207 138]
[  1 208 137]
[  1 205 139]
[  0 197 144]
[  0 197 144]
[  0 195 144]
[  1 207 137]
[  1 205 138]
[  1 205 138]
[  1 205 138]
[  1 201 141]
[  1 197 144]
[  1 199 142]
[  1 202 140]
[  1 202 140]
[  1 201 142]
[  1 197 145]
[  1 195 145]
[  1 195 145]
[  1 194 146]
[  1 194 147]
[  1 202 143]
[  1 207 139]
[  1 207 139]
[  1 204 140]
[  1 202 143]
[  1 204 141]
[  1 204 141]
[  1 203 142]
[  1 204 141]
[  1 204 141]
[  1 200 144]
[  1 197 146]
[  1 202 143]
[  1 204 141]
[  2 208 140]
[  2 206 141]
[  1 201 142]
[  1 203 141]
[  1 203 141]
[  1 207 138]
[  1 205 139]
[  1 201 142]
[  0 197 144]
[  0 201 141]
[  0 199 141]
[  0 203 138]
[  1 207 137]
[  1 210 135]
[  1 211 134]
[  1 201 141]
[  1 195 145]
[  1 201 141]
[  1 200 140]
[  1 199 142]
[  1 200 143]
[  1 197 145]
[  1 195 145]
[  1 197 144]
[  1 194 146]
[  1 193 148]
[  1 200 144]
[  1 210 137]
[  1 212 136]
[  1 205 139]
[  1 200 143]
[  1 204 141]
[  1 209 138]
[  1 209 138]
[  1 207 139]
[  1 204 141]
[  1 203 142]
[  1 199 145]
[  1 200 144]
[  1 203 142]
[  2 213 138]
[  1 204 141]
[  1 202 143]
[  1 210 136]
[  1 208 137]
[  1 203 141]
[  1 203 141]
[  1 204 139]
[  0 197 144]
[  0 204 139]
[  0 207 137]
[  0 205 137]
[  1 205 138]
[  1 208 136]
[  1 208 136]
[  1 201 141]
[  1 197 144]
[  1 204 139]
[  1 202 140]
[  1 198 143]
[  1 200 143]
[  1 197 145]
[  1 197 144]
[  1 198 143]
[  1 195 145]
[  1 193 148]
[  1 200 144]
[  1 210 137]
[  1 213 135]
[  1 207 138]
[  1 203 142]
[  1 204 141]
[  1 204 141]
[  1 204 141]
[  1 204 141]
[  1 206 140]
[  1 206 140]
[  1 204 141]
[  1 203 142]
[  1 209 138]
[  2 215 135]
[  2 205 142]
[  1 201 142]
[  1 210 136]
[  1 208 137]
[  1 205 139]
[  1 203 138]
[  2 205 137]
[  0 195 145]
[  0 199 142]
[  0 206 136]
[  0 206 135]
[  0 205 137]
[  1 207 137]
[  1 204 139]
[  1 201 141]
[  1 199 142]
[  0 202 139]
[  1 199 141]
[  1 194 146]
[  1 197 146]
[  1 196 146]
[  1 198 143]
[  1 198 143]
[  1 197 144]
[  1 196 146]
[  1 199 145]
[  1 204 141]
[  1 209 138]
[  1 207 138]
[  1 206 140]
[  1 204 141]
[  1 203 142]
[  1 203 142]
[  1 203 142]
[  1 204 141]
[  1 206 140]
[  1 206 140]
[  1 206 140]
[  1 213 135]
[  2 217 135]
[  2 206 141]
[  1 203 141]
[  1 207 137]
[  1 208 137]
[  1 212 135]
[  2 213 133]
[  2 216 130]
[  0 195 144]
[  0 198 143]
[  0 202 139]
[  0 204 136]
[  0 200 139]
[  1 204 139]
[  1 202 140]
[  1 201 141]
[  0 200 140]
[  0 200 139]
[  1 199 141]
[  1 197 144]
[  1 200 144]
[  1 200 143]
[  1 199 142]
[  1 198 144]
[  1 198 143]
[  1 200 143]
[  1 200 144]
[  1 203 142]
[  1 205 139]
[  1 207 138]
[  1 207 139]
[  1 204 141]
[  1 203 142]
[  1 204 141]
[  1 204 141]
[  1 203 142]
[  1 204 141]
[  1 206 140]
[  1 204 141]
[  1 207 139]
[  2 212 137]
[  1 207 139]
[  1 199 141]
[  1 204 139]
[  1 207 138]
[  1 205 139]
[  1 209 134]
[  2 217 129]
[  0 198 142]
[  0 205 138]
[  0 205 138]
[  0 201 138]
[  0 196 142]
[  1 201 141]
[  1 202 140]
[  0 205 137]
[  0 205 137]
[  1 203 138]
[  1 202 139]
[  1 204 139]
[  1 204 140]
[  1 204 140]
[  1 201 142]
[  1 198 144]
[  1 198 143]
[  1 198 144]
[  1 199 145]
[  1 202 143]
[  1 206 140]
[  1 205 139]
[  1 207 139]
[  1 206 140]
[  1 204 141]
[  1 206 140]
[  1 204 141]
[  1 200 144]
[  1 202 143]
[  1 206 140]
[  1 204 141]
[  1 207 139]
[  2 214 136]
[  1 210 137]
[  1 199 141]
[  1 205 138]
[  1 207 137]
[  1 205 139]
[  2 210 135]
[  2 211 133]
[  0 197 141]
[  0 207 137]
[  0 208 135]
[  0 201 138]
[  0 197 141]
[  1 204 139]
[  1 208 136]
[  1 208 136]
[  0 203 137]
[  0 199 140]
[  1 199 141]
[  1 201 141]
[  1 203 142]
[  1 203 141]
[  1 199 142]
[  1 198 143]
[  1 197 144]
[  1 193 147]
[  1 196 147]
[  1 204 141]
[  1 207 138]
[  1 204 140]
[  1 205 139]
[  1 207 139]
[  1 207 139]
[  1 206 140]
[  1 203 142]
[  1 200 144]
[  1 202 143]
[  1 206 140]
[  1 202 143]
[  1 202 143]
[  2 212 137]
[  2 210 137]
[  1 200 140]
[  1 204 136]
[  2 208 137]
[  1 205 139]
[  2 207 137]
[  2 205 137]
[  0 198 142]
[  0 204 139]
[  0 206 136]
[  0 201 138]
[  0 199 140]
[  0 201 138]
[  0 203 138]
[  0 201 141]
[  0 198 142]
[  0 195 144]
[  1 195 144]
[  1 196 143]
[  1 199 142]
[  1 200 143]
[  1 195 145]
[  1 199 142]
[  1 199 142]
[  1 192 149]
[  1 196 147]
[  1 210 136]
[  1 213 134]
[  1 205 139]
[  1 205 139]
[  1 209 138]
[  1 207 139]
[  1 206 140]
[  1 203 142]
[  1 202 143]
[  1 203 142]
[  1 204 141]
[  1 200 144]
[  1 202 143]
[  2 212 137]
[  2 212 137]
[  1 203 137]
[  1 207 134]
[  1 208 136]
[  1 208 137]
[  2 211 134]
[  2 208 135]
[  0 200 140]
[  0 204 139]
[  0 206 136]
[  0 200 139]
[  0 200 139]
[  0 199 140]
[  0 198 142]
[  0 198 143]
[  0 197 144]
[  0 193 144]
[  0 193 144]
[  1 198 142]
[  1 202 140]
[  1 199 142]
[  1 191 148]
[  1 198 143]
[  1 201 141]
[  1 191 148]
[  1 194 147]
[  1 208 137]
[  1 212 135]
[  1 204 140]
[  1 203 141]
[  1 206 140]
[  1 204 141]
[  1 204 141]
[  1 202 143]
[  1 202 143]
[  1 202 143]
[  1 202 143]
[  1 200 144]
[  1 206 140]
[  2 214 136]
[  2 210 137]
[  1 205 137]
[  1 206 135]
[  1 205 138]
[  1 205 139]
[  2 211 134]
[  2 205 137]
[  0 203 138]
[  0 202 140]
[  0 200 140]
[  0 197 141]
[  0 200 139]
[  0 201 138]
[  0 202 139]
[  0 201 141]
[  0 197 144]
[  0 195 144]
[  1 196 143]
[  1 199 142]
[  1 205 138]
[  1 204 140]
[  1 197 144]
[  1 199 142]
[  1 201 141]
[  1 195 145]
[  1 196 146]
[  1 204 140]
[  1 208 137]
[  1 203 141]
[  1 201 142]
[  1 203 142]
[  1 203 142]
[  1 204 141]
[  1 204 141]
[  1 202 143]
[  1 199 145]
[  1 203 142]
[  1 206 140]
[  1 207 139]
[  2 214 136]
[  1 207 138]
[  1 199 141]
[  1 202 139]
[  1 205 139]
[  1 207 138]
[  2 208 136]
[  2 202 139]
[  0 197 141]
[  0 197 144]
[  0 197 144]
[  0 196 142]
[  0 199 140]
[  0 201 138]
[  0 203 138]
[  0 201 141]
[  0 196 143]
[  0 196 143]
[  1 199 142]
[  1 199 142]
[  1 204 140]
[  1 203 141]
[  1 199 142]
[  1 201 141]
[  1 201 141]
[  1 200 143]
[  1 202 143]
[  1 204 140]
[  1 207 138]
[  1 201 142]
[  1 201 142]
[  1 203 142]
[  1 206 140]
[  1 212 136]
[  1 209 138]
[  1 203 142]
[  1 203 142]
[  1 207 139]
[  1 209 138]
[  1 209 138]
[  1 212 136]
[  1 208 136]
[  1 195 141]
[  1 198 143]
[  1 204 140]
[  1 212 135]
[  2 212 135]
[  2 205 138]
[  0 196 143]
[  0 199 142]
[  0 204 139]
[  0 202 139]
[  0 197 141]
[  0 200 139]
[  0 197 141]
[  0 198 142]
[  0 196 143]
[  0 196 143]
[  1 199 142]
[  1 197 144]
[  1 197 145]
[  1 197 145]
[  1 198 143]
[  1 201 141]
[  1 199 142]
[  1 200 143]
[  1 204 140]
[  1 204 140]
[  1 199 142]
[  1 200 143]
[  1 204 141]
[  1 204 141]
[  1 210 137]
[  1 217 133]
[  1 209 138]
[  1 204 141]
[  1 207 138]
[  1 210 137]
[  1 206 140]
[  1 203 142]
[  1 206 140]
[  1 210 135]
[  1 200 139]
[  1 198 143]
[  1 201 142]
[  1 210 136]
[  2 213 134]
[  2 208 136]
[  0 199 140]
[  0 208 136]
[  0 213 133]
[  0 202 139]
[  0 194 143]
[  0 196 142]
[  0 194 143]
[  0 196 143]
[  0 198 142]
[  0 199 141]
[  1 201 141]
[  1 198 142]
[  1 197 144]
[  1 197 144]
[  1 199 142]
[  1 202 140]
[  1 201 141]
[  1 199 142]
[  1 202 140]
[  1 200 140]
[  1 196 143]
[  1 199 142]
[  1 207 138]
[  1 206 140]
[  1 207 139]
[  1 209 138]
[  1 203 142]
[  1 202 143]
[  1 204 140]
[  1 210 136]
[  1 207 139]
[  1 202 143]
[  1 202 143]
[  1 207 138]
[  1 203 138]
[  1 200 143]
[  1 198 144]
[  1 204 140]
[  2 210 137]
[  2 208 136]
[  0 201 141]
[  0 204 139]
[  0 205 138]
[179 198 143]
[  0 192 145]
[  0 193 144]
[  0 194 143]
[  0 195 144]
[  0 199 141]
[  0 203 138]
[  1 204 139]
[  1 203 138]
[  1 201 141]
[  1 200 143]
[  1 201 141]
[  1 202 140]
[  1 204 139]
[  1 202 140]
[  1 205 138]
[  1 203 138]
[  1 198 142]
[  1 202 139]
[  1 210 137]
[  1 204 141]
[  1 200 144]
[  1 200 144]
[  1 200 144]
[  1 202 143]
[  1 204 140]
[  1 208 137]
[  1 207 139]
[  1 203 142]
[  1 200 144]
[  1 201 141]
[  1 199 141]
[  1 199 142]
[  1 203 141]
[  1 207 138]
[  2 207 139]
[  2 204 139]
[  1 197 145]
[  0 199 142]
[  0 201 141]
[  0 198 142]
[  0 196 142]
[  0 194 143]
[  0 194 143]
[  0 192 145]
[  0 197 144]
[  1 202 140]
[  1 199 142]
[  1 200 140]
[  1 201 141]
[  1 201 142]
[  1 202 140]
[  1 204 139]
[  1 205 138]
[  1 204 139]
[  1 207 137]
[  1 210 135]
[  1 200 140]
[  1 199 142]
[  1 208 137]
[  1 207 139]
[  1 200 144]
[  1 203 142]
[  1 207 139]
[  1 209 138]
[  1 207 138]
[  1 207 138]
[  1 206 140]
[  1 204 141]
[  1 203 142]
[  1 201 141]
[  1 195 144]
[  1 198 143]
[  1 204 140]
[  1 204 140]
[  1 198 144]
[  1 196 146]
[  1 197 145]
[  0 204 140]
[  0 202 139]
[179 204 139]
[  0 200 140]
[  0 196 142]
[  0 194 143]
[  0 192 145]
[  0 195 145]
[  1 199 142]
[  1 198 142]
[  1 199 141]
[  1 200 140]
[  1 204 139]
[  1 205 138]
[  1 207 137]
[  1 207 137]
[  1 201 141]
[  1 202 140]
[  1 209 134]
[  1 205 137]
[  1 198 142]
[  1 207 138]
[  1 210 137]
[  1 206 140]
[  1 207 139]
[  1 210 137]
[  1 210 137]
[  1 208 137]
[  1 207 138]
[  1 206 140]
[  1 207 139]
[  1 210 137]
[  1 207 138]
[  1 198 142]
[  1 199 142]
[  1 204 140]
[  1 204 140]
[  1 198 144]
[  1 197 145]
[  1 198 144]
[  1 203 141]
[  0 201 141]
[179 205 138]
[  0 202 139]
[  0 194 143]
[  0 194 143]
[  0 193 145]
[  1 197 144]
[  1 201 141]
[  1 202 139]
[  1 205 137]
[  1 203 138]
[  1 203 138]
[  1 205 138]
[  1 205 138]
[  1 204 139]
[  1 199 142]
[  1 201 141]
[  1 207 137]
[  1 203 138]
[  1 200 140]
[  1 204 140]
[  1 206 140]
[  1 203 142]
[  1 206 140]
[  1 207 138]
[  1 210 137]
[  1 208 137]
[  1 208 137]
[  1 207 139]
[  1 209 138]
[  1 212 136]
[  1 205 138]
[  1 198 142]
[  1 203 141]
[  1 205 139]
[  1 207 138]
[  1 207 138]
[  1 207 138]
calc
put yellow paper and press joystick button
callback
got it
processingyellow...
