[  4 193 136]
[  4 188 138]
[  4 191 136]
[  4 194 134]
[  4 204 129]
[  4 197 133]
[  4 190 137]
[  4 192 137]
[  4 188 141]
[  4 191 136]
[  4 192 138]
[  4 193 136]
[  4 193 135]
[  4 196 134]
[  4 196 134]
[  4 196 134]
[  4 190 138]
[  4 193 136]
[  4 191 139]
[  4 194 134]
[  4 191 136]
[  4 194 134]
[  4 191 136]
[  4 194 134]
[  4 194 134]
[  4 196 133]
[  4 194 134]
[  4 199 131]
[  4 193 135]
[  4 201 128]
[  4 193 135]
[  4 193 135]
[  4 190 137]
[  4 193 135]
[  4 197 132]
[  4 197 132]
[  4 192 134]
[  4 191 136]
[  4 190 137]
[  4 204 126]
[  4 200 130]
[  4 194 134]
[  4 190 137]
[  4 190 137]
[  4 203 128]
[  4 199 131]
[  4 192 134]
[  4 191 136]
[  4 196 133]
[  4 198 130]
[  4 199 131]
[  4 193 135]
[  4 194 134]
[  4 196 133]
[  4 208 125]
[  4 208 125]
[  4 200 129]
[  4 193 135]
[  4 199 131]
[  4 195 132]
[  4 197 132]
[  4 196 133]
[  4 199 131]
[  4 196 133]
[  4 200 130]
[  4 206 126]
[  4 200 129]
[  4 192 134]
[  4 194 134]
[  4 187 138]
[  4 197 132]
[  4 199 131]
[  4 202 129]
[  4 194 134]
[  4 191 136]
[  4 201 128]
[  4 198 130]
[  4 198 130]
[  4 199 131]
[  4 187 138]
[  4 197 132]
[  4 200 130]
[  4 203 128]
[  4 196 133]
[  4 193 135]
[  4 200 129]
[  4 197 131]
[  4 198 130]
[  4 196 133]
[  4 187 138]
[  4 197 132]
[  4 200 130]
[  4 200 130]
[  4 191 136]
[  4 191 136]
[  4 189 136]
[  4 188 137]
[  4 192 134]
[  4 192 134]
[  4 183 141]
calc
put Arstasrtars paper and press joystick button
callback
got it
processingArstasrtars...
