[  4 207 122]
[  3 202 126]
[  3 195 131]
[  3 192 133]
[  4 195 131]
[  3 196 130]
[  4 197 128]
[  4 193 131]
[  3 193 132]
[  3 195 131]
[  4 199 127]
[  3 198 129]
[  3 195 131]
[  3 193 131]
[  4 196 129]
[  3 195 131]
[  4 196 129]
[  4 193 131]
[  3 196 130]
[  3 198 129]
[  4 191 132]
[  3 193 132]
[  3 193 132]
[  3 192 129]
[  4 197 128]
[  4 190 133]
[  4 191 132]
[  4 191 132]
[  4 193 131]
[  4 193 131]
[  4 194 130]
[  3 196 130]
[  3 195 131]
[  3 195 128]
[  4 200 126]
[  4 193 131]
[  4 193 131]
[  4 191 132]
[  4 188 134]
[  4 188 134]
[  4 191 132]
[  3 195 131]
[  3 195 131]
[  3 195 127]
[  4 202 125]
[  4 194 130]
[  4 197 128]
[  4 197 128]
[  4 188 134]
[  4 190 133]
[  4 193 131]
[  3 195 131]
[  3 196 130]
[  3 193 128]
[  4 197 128]
[  4 197 128]
[  4 202 125]
[  4 199 127]
[  4 190 133]
[  4 190 133]
[  4 194 130]
[  3 193 132]
[  3 195 131]
[  3 190 130]
[  4 195 128]
[  4 197 128]
[  4 202 125]
[  4 197 128]
[  3 185 134]
[  3 187 134]
[  4 197 128]
[  3 193 132]
[  3 198 129]
[  3 195 128]
[  3 195 128]
[  4 199 127]
[  4 197 128]
[  4 194 130]
[  3 189 131]
[  3 190 133]
[  4 202 125]
[  4 194 130]
[  4 196 130]
[  3 197 127]
[  4 202 124]
[  4 202 125]
[  4 199 127]
[  4 199 127]
[  3 203 122]
[  4 199 127]
[  4 204 124]
[  4 196 129]
[  3 193 132]
[  3 196 126]
[  4 202 124]
[  4 198 126]
[  4 200 126]
[  4 200 126]
[  3 205 122]
[  4 200 126]
calc
callback
got it
callback
callback
callback
callback
callback
callback
callback
callback
callback
callback
callback
callback
callback
callback
callback
callback
callback
callback
callback
callback
callback
callback
callback
callback
callback
callback
callback
callback
callback
callback
callback
callback
callback
callback
callback
callback
callback
callback
callback
callback
callback
callback
callback
callback
callback
callback
callback
callback
callback
callback
callback
callback
callback
callback
callback
callback
callback
callback
callback
callback
callback
callback
callback
callback
callback
callback
callback
callback
callback
callback
callback
callback
callback
callback
callback
callback
callback
callback
callback
callback
callback
callback
callback
callback
callback
callback
callback
callback
callback
callback
callback
callback
callback
callback
callback
callback
callback
callback
callback
callback
callback
callback
callback
callback
callback
