[  4 196 129]
[  4 200 129]
[  4 198 130]
[  4 184 141]
[  4 191 136]
[  4 197 132]
[  4 203 128]
[  4 191 136]
[  4 188 138]
[  4 200 130]
[  4 196 129]
[  4 200 129]
[  4 201 128]
[  4 194 134]
[  4 194 134]
[  4 200 130]
[  4 206 126]
[  4 193 135]
[  4 191 136]
[  4 199 131]
[  4 200 129]
[  4 200 129]
[  4 200 129]
[  4 197 132]
[  4 196 133]
[  4 197 132]
[  4 199 131]
[  4 191 136]
[  4 191 136]
[  4 197 132]
[  4 200 129]
[  4 200 129]
[  4 197 131]
[  4 197 132]
[  4 194 134]
[  4 196 133]
[  4 199 131]
[  4 193 135]
[  4 193 135]
[  4 199 131]
[  4 201 128]
[  4 200 129]
[  4 198 130]
[  4 194 134]
[  4 188 138]
[  4 189 136]
[  4 197 131]
[  4 189 136]
[  4 192 134]
[  4 203 127]
[  4 201 128]
[  4 200 129]
[  4 197 131]
[  4 191 136]
[  4 188 138]
[  4 197 132]
[  4 206 125]
[  4 198 130]
[  4 194 133]
[  4 209 123]
[  4 198 130]
[  4 198 130]
[  4 195 132]
[  4 193 135]
[  4 194 134]
[  4 203 128]
[  4 200 129]
[  4 200 129]
[  4 200 129]
[  4 209 123]
[  4 198 130]
[  4 203 127]
[  4 197 131]
[  4 194 134]
[  4 199 131]
[  4 201 128]
[  4 195 132]
[  4 194 133]
[  4 195 132]
[  4 201 128]
[  4 200 129]
[  4 200 129]
[  4 197 131]
[  4 194 134]
[  4 196 133]
[  4 200 129]
[  4 200 129]
[  4 197 131]
[  4 198 130]
[  4 204 126]
[  4 197 131]
[  4 195 132]
[  4 195 132]
[  4 196 133]
[  4 194 134]
[  4 200 129]
[  4 200 129]
[  4 197 131]
[  4 200 129]
[  4 200 129]
calc
put arstasrtasdarda paper and press joystick button
callback
got it
processingarstasrtasdarda...
