[  3 192 129]
[  3 187 132]
[  3 182 136]
[  3 183 135]
[  3 185 134]
[  3 185 134]
[  4 190 133]
[  3 182 136]
[  3 185 132]
[  3 189 131]
[  3 187 132]
[  3 185 134]
[  3 183 135]
[  3 183 135]
[  3 183 135]
[  3 183 135]
[  4 187 135]
[  3 177 141]
[  3 185 134]
[  3 186 133]
[  3 194 129]
[  4 189 132]
[  4 189 132]
[  4 187 134]
[  4 189 132]
[  4 195 128]
[  4 189 132]
[  4 175 143]
[  4 182 137]
[  4 187 134]
[  4 198 126]
[  4 191 131]
[  4 189 132]
[  4 185 135]
[  4 187 134]
[  4 197 127]
[  4 197 127]
[  4 182 137]
[  4 194 129]
[  4 192 130]
[  4 198 126]
[  4 191 131]
[  4 185 135]
[  4 184 136]
[  4 188 133]
[  4 189 132]
[  4 192 130]
[  4 185 135]
[  4 197 127]
[  4 195 128]
[  4 202 124]
[  4 189 132]
[  4 187 134]
[  4 181 138]
[  4 189 132]
[  4 192 130]
[  4 197 127]
[  4 194 129]
[  4 192 130]
[  4 189 132]
[  4 198 126]
[  4 188 133]
[  4 182 137]
[  4 176 142]
[  4 191 131]
[  4 194 129]
[  4 198 126]
[  4 191 131]
[  4 188 133]
[  4 188 133]
[  4 198 126]
[  4 194 129]
[  4 192 130]
[  4 194 129]
[  4 200 125]
[  4 194 129]
[  4 192 130]
[  4 189 132]
[  4 187 134]
[  4 189 132]
[  4 189 132]
[  4 191 131]
[  4 194 129]
[  4 197 127]
[  4 205 122]
[  4 188 133]
[  4 184 136]
[  4 187 134]
[  4 189 132]
[  4 192 130]
[  4 191 131]
[  4 191 131]
[  4 194 129]
[  4 200 125]
[  4 200 125]
[  4 187 134]
[  4 182 137]
[  4 187 134]
[  4 195 128]
[  4 195 128]
calc
put pink paper and press joystick button
callback
callback
callback
callback
callback
callback
callback
callback
callback
callback
callback
callback
callback
callback
callback
callback
callback
callback
callback
callback
callback
callback
callback
callback
callback
callback
callback
callback
callback
callback
callback
callback
callback
callback
callback
callback
callback
callback
callback
callback
callback
got it
processingpink...
