[  3 188 136]
[  4 198 130]
[  4 194 130]
[  4 192 134]
[  4 188 137]
[  5 189 135]
[  5 190 134]
[  4 191 135]
[  5 189 135]
[  3 185 138]
[  4 188 137]
[  4 191 135]
[  4 193 132]
[  4 192 134]
[  4 194 133]
[  5 193 132]
[  5 192 133]
[  4 191 135]
[  5 195 131]
[  4 190 134]
[  4 188 138]
[  4 187 139]
[  4 191 135]
[  4 187 138]
[  4 194 133]
[  5 195 131]
[  5 198 130]
[  5 197 131]
[  5 193 132]
[  4 191 135]
[  4 192 137]
[  4 191 135]
[  4 194 133]
[  4 188 137]
[  4 195 132]
[  5 198 129]
[  5 201 128]
[  5 197 131]
[  5 190 134]
[  4 185 139]
[  4 193 136]
[  4 192 134]
[  4 195 132]
[  4 187 138]
[  4 188 137]
[  4 192 133]
[  5 200 129]
[  5 195 132]
[  4 185 139]
[  4 185 139]
[  4 190 137]
[  4 194 134]
[  4 197 131]
[  4 187 138]
[  4 185 139]
[  5 196 130]
[  5 195 132]
[  5 197 132]
[  4 189 136]
[  4 185 139]
[  4 193 135]
[  4 194 134]
[  4 200 130]
[  4 191 135]
[  4 192 134]
[  4 209 123]
[  5 197 131]
[  6 200 131]
[  5 194 134]
[  4 185 139]
[  4 196 133]
[  4 197 132]
[  4 204 126]
[  4 198 130]
[  4 194 133]
[  5 198 129]
[  5 198 130]
[  5 202 129]
[  4 200 130]
[  4 193 135]
[  4 194 134]
[  4 194 134]
[  4 203 128]
[  4 205 127]
[  4 192 134]
[  4 195 132]
[  5 200 129]
[  6 204 129]
[  4 202 129]
[  4 190 137]
[  4 197 133]
[  4 191 136]
[  4 198 130]
[  4 203 127]
[  4 188 137]
[  4 189 136]
[  5 198 130]
[  5 202 130]
[  4 194 134]
[  4 191 135]
calc
put blue paper and press joystick button
callback
got it
processingblue...
