[  4 200 135]
[  4 201 132]
[  4 194 137]
[  4 194 138]
[  4 190 141]
[  4 194 138]
[  4 195 137]
[  4 201 133]
[  4 201 132]
[  4 196 135]
[  3 197 136]
[  4 196 135]
[  4 196 135]
[  4 195 137]
[  4 189 142]
[  4 192 141]
[  4 194 138]
[  4 201 133]
[  4 198 134]
[  4 196 135]
[  4 193 139]
[  4 185 145]
[  4 191 140]
[  4 197 136]
[  4 187 143]
[  4 192 141]
[  4 196 138]
[  4 203 132]
[  4 198 134]
[  4 195 136]
[  4 191 140]
[  4 189 142]
[  4 191 140]
[  4 194 138]
[  4 190 141]
[  4 198 138]
[  4 197 136]
[  4 195 137]
[  4 189 140]
[  4 193 139]
[  4 190 142]
[  4 190 141]
[  4 195 137]
[  4 195 137]
[  4 198 135]
[  4 208 131]
[  4 197 136]
[  4 189 142]
[  4 184 144]
[  3 193 139]
[  4 190 141]
[  4 193 139]
[  4 193 139]
[  4 193 139]
[  4 194 138]
[  4 202 134]
[  4 191 140]
[  4 187 143]
[  4 188 141]
[  3 195 137]
[  4 189 142]
[  4 197 136]
[  4 191 140]
[  4 190 141]
[  4 197 136]
[  4 200 135]
[  4 195 137]
[  4 187 143]
[  4 180 147]
[  3 194 138]
[  4 189 143]
[  4 197 136]
[  4 195 137]
[  4 194 138]
[  4 201 133]
[  4 202 135]
[  4 199 136]
[  4 195 137]
[  4 188 141]
[  3 193 139]
[  4 197 137]
[  4 200 134]
[  4 194 138]
[  4 194 138]
[  4 198 135]
[  4 199 137]
[  4 194 138]
[  4 203 132]
[  4 202 131]
[  3 197 136]
[  4 197 136]
[  4 197 136]
[  4 190 141]
[  4 195 137]
[  4 200 134]
[  4 198 138]
[  4 190 141]
[  4 194 138]
[  4 202 131]
[  3 192 138]
calc
put arstasr paper and press joystick button
callback
got it
processingarstasr...
