[  4 196 134]
[  4 199 132]
[  4 206 130]
[  4 202 135]
[  4 202 135]
[  4 196 134]
[  4 193 136]
[  4 193 136]
[  4 197 133]
[  4 196 134]
[  4 193 136]
[  4 196 134]
[  4 211 127]
[  4 204 134]
[  5 202 134]
[  4 201 132]
[  4 197 132]
[  4 199 132]
[  4 202 130]
[  4 204 129]
[  4 197 132]
[  4 191 136]
[  4 200 131]
[  5 197 137]
[  5 196 135]
[  4 199 132]
[  4 196 133]
[  4 197 133]
[  4 200 131]
[  4 204 129]
[  4 200 130]
[  4 195 135]
[  4 200 131]
[  5 202 134]
[  4 192 138]
[  4 192 137]
[  4 191 136]
[  4 190 138]
[  4 193 136]
[  4 196 134]
[  4 197 132]
[  4 196 134]
[  4 207 127]
[  4 208 129]
[  4 198 135]
[  4 197 133]
[  4 194 134]
[  4 197 133]
[  4 195 135]
[  4 196 134]
[  4 194 133]
[  4 200 131]
[  4 212 124]
[  4 202 131]
[  4 200 134]
[  4 197 133]
[  4 193 135]
[  4 200 131]
[  4 202 130]
[  4 199 132]
[  4 201 128]
[  4 205 127]
[  4 203 128]
[  4 193 136]
[  4 197 133]
[  4 195 135]
[  4 196 133]
[  4 202 129]
[  4 205 128]
[  4 197 132]
[  4 222 117]
[  4 208 125]
[  4 194 134]
[  4 190 137]
[  4 200 131]
[  4 195 135]
[  4 193 136]
[  4 197 133]
[  4 197 133]
[  4 194 134]
[  4 210 124]
[  4 200 130]
[  4 197 131]
[  4 197 133]
[  4 202 130]
[  4 197 133]
[  4 197 136]
[  4 197 133]
[  4 200 131]
[  4 194 134]
[  4 200 129]
[  4 194 134]
[  4 201 128]
[  4 207 127]
[  4 202 130]
[  4 205 128]
[  4 200 134]
[  4 199 132]
[  4 214 123]
[  4 202 129]
calc
put yellow paper and press joystick button
callback
got it
processingyellow...
