[  3 190 141]
[  3 190 141]
[  3 189 139]
[  3 192 137]
[  3 192 137]
[  3 195 137]
[  3 203 132]
[  3 198 135]
[  4 192 138]
[  4 191 139]
[  4 191 140]
[  3 189 142]
[  3 189 139]
[  3 196 135]
[  3 194 137]
[  3 195 137]
[  3 200 134]
[  3 196 135]
[  4 192 138]
[  4 189 140]
[  4 191 139]
[  4 191 139]
[  3 194 137]
[  3 199 133]
[  3 194 138]
[  3 195 137]
[  4 202 134]
[  4 196 135]
[  4 195 137]
[  4 192 138]
[  4 188 141]
[  4 196 135]
[  3 196 135]
[  3 198 135]
[  3 195 137]
[  3 197 136]
[  4 202 134]
[  4 195 136]
[  4 195 137]
[  4 196 135]
[  4 188 141]
[  4 199 133]
[  4 201 132]
[  4 194 137]
[  3 194 138]
[  3 198 135]
[  4 202 134]
[  4 191 140]
[  4 190 141]
[  4 201 132]
[  4 198 134]
[  4 198 134]
[  4 194 137]
[  4 188 141]
[  3 194 138]
[  3 199 133]
[  4 202 134]
[  4 193 139]
[  4 195 137]
[  4 196 135]
[  4 198 134]
[  4 195 136]
[  4 191 139]
[  4 185 143]
[  4 194 137]
[  4 195 136]
[  4 195 137]
[  4 193 139]
[  4 198 135]
[  4 197 132]
[  4 199 133]
[  4 196 135]
[  4 192 138]
[  4 187 142]
[  4 195 136]
[  4 195 136]
[  4 197 137]
[  4 195 137]
[  4 208 129]
[  4 206 126]
[  4 202 129]
[  4 196 133]
[  4 195 136]
[  4 192 138]
[  4 195 136]
[  4 197 136]
[  4 197 136]
[  4 197 137]
[  4 201 133]
[  4 204 131]
[  4 208 125]
[  4 205 127]
[  4 199 132]
[  4 202 131]
[  4 199 133]
[  4 199 136]
[  4 199 136]
[  4 197 137]
[  4 200 134]
[  4 204 131]
calc
put green paper and press joystick button
callback
got it
processinggreen...
